{"level":"info","message":"Hello from acquisitions","service":"acquisitions-api"}
{"level":"info","message":"::1 - - [11/Jan/2026:00:31:20 +0000] \"GET / HTTP/1.1\" 200 24 \"-\" \"Mozilla/5.0 (Windows NT 10.0; Win64; x64) AppleWebKit/537.36 (KHTML, like Gecko) Chrome/141.0.0.0 Safari/537.36 OPR/125.0.0.0\"","service":"acquisitions-api"}
{"level":"info","message":"::1 - - [11/Jan/2026:00:31:21 +0000] \"GET /favicon.ico HTTP/1.1\" 404 150 \"-\" \"Mozilla/5.0 (Windows NT 10.0; Win64; x64) AppleWebKit/537.36 (KHTML, like Gecko) Chrome/141.0.0.0 Safari/537.36 OPR/125.0.0.0\"","service":"acquisitions-api"}
{"level":"info","message":"Hello from acquisitions","service":"acquisitions-api"}
{"level":"info","message":"::1 - - [11/Jan/2026:01:08:23 +0000] \"GET / HTTP/1.1\" 200 24 \"-\" \"HTTPie\"","service":"acquisitions-api"}
{"level":"info","message":"::1 - - [11/Jan/2026:01:10:42 +0000] \"GET /api HTTP/1.1\" 404 142 \"-\" \"HTTPie\"","service":"acquisitions-api"}
{"level":"info","message":"::1 - - [11/Jan/2026:01:11:03 +0000] \"GET /health HTTP/1.1\" 200 75 \"-\" \"HTTPie\"","service":"acquisitions-api"}
{"level":"info","message":"::1 - - [11/Jan/2026:01:11:47 +0000] \"POST /api/auth/sign-in HTTP/1.1\" 200 22 \"-\" \"HTTPie\"","service":"acquisitions-api"}
{"level":"info","message":"::1 - - [11/Jan/2026:17:40:58 +0000] \"POST /api/auth/sign-out HTTP/1.1\" 200 23 \"-\" \"HTTPie\"","service":"acquisitions-api"}
{"level":"info","message":"::1 - - [12/Jan/2026:10:54:13 +0000] \"POST /api/auth/sign-up HTTP/1.1\" 400 92 \"-\" \"HTTPie\"","service":"acquisitions-api"}
{"level":"info","message":"::1 - - [12/Jan/2026:10:54:36 +0000] \"POST /api/auth/sign-up?=souhail HTTP/1.1\" 400 92 \"-\" \"HTTPie\"","service":"acquisitions-api"}
{"level":"info","message":"::1 - - [12/Jan/2026:10:54:56 +0000] \"POST /?=souhail HTTP/1.1\" 404 140 \"-\" \"HTTPie\"","service":"acquisitions-api"}
{"level":"info","message":"Hello from acquisitions","service":"acquisitions-api"}
{"level":"info","message":"::1 - - [12/Jan/2026:10:55:07 +0000] \"GET /?=souhail HTTP/1.1\" 200 24 \"-\" \"HTTPie\"","service":"acquisitions-api"}
{"level":"info","message":"::1 - - [12/Jan/2026:10:55:11 +0000] \"POST /?=souhail HTTP/1.1\" 404 140 \"-\" \"HTTPie\"","service":"acquisitions-api"}
{"level":"info","message":"::1 - - [12/Jan/2026:11:00:32 +0000] \"POST /api/auth/sign-up?=souhail HTTP/1.1\" 400 92 \"-\" \"HTTPie\"","service":"acquisitions-api"}
{"level":"info","message":"::1 - - [12/Jan/2026:11:01:22 +0000] \"POST /api/auth/sign-up?name=souhail&email=souhail%40gmail.com&password=123123 HTTP/1.1\" 400 92 \"-\" \"HTTPie\"","service":"acquisitions-api"}
{"level":"info","message":"::1 - - [12/Jan/2026:11:01:31 +0000] \"POST /api/auth/sign-up?name=souhail&email=souhail%40gmail.com&password=123123 HTTP/1.1\" 400 92 \"-\" \"HTTPie\"","service":"acquisitions-api"}
{"level":"info","message":"::1 - - [12/Jan/2026:11:03:56 +0000] \"POST /api/auth/sign-up HTTP/1.1\" 400 92 \"-\" \"HTTPie\"","service":"acquisitions-api"}
{"level":"info","message":"::1 - - [12/Jan/2026:11:04:04 +0000] \"POST /api/auth/sign-up HTTP/1.1\" 400 92 \"-\" \"HTTPie\"","service":"acquisitions-api"}
{"level":"error","message":"Error creating the user: Error: Failed query: select \"id\", \"name\", \"email\", \"password\", \"role\", \"created_at\", \"updated_at\" from \"users\" where \"users\".\"email\" = $1 limit $2\nparams: souhail@gmail.com,1","service":"acquisitions-api"}
{"cause":{"code":"","name":"NeonDbError","severity":""},"level":"error","message":"Signup error Failed query: select \"id\", \"name\", \"email\", \"password\", \"role\", \"created_at\", \"updated_at\" from \"users\" where \"users\".\"email\" = $1 limit $2\nparams: souhail@gmail.com,1","params":["souhail@gmail.com",1],"query":"select \"id\", \"name\", \"email\", \"password\", \"role\", \"created_at\", \"updated_at\" from \"users\" where \"users\".\"email\" = $1 limit $2","service":"acquisitions-api","stack":"Error: Failed query: select \"id\", \"name\", \"email\", \"password\", \"role\", \"created_at\", \"updated_at\" from \"users\" where \"users\".\"email\" = $1 limit $2\nparams: souhail@gmail.com,1\n    at NeonPreparedQuery.queryWithCache (file:///C:/Users/SOUHAIL/WebstormProjects/acquisitions/node_modules/drizzle-orm/pg-core/session.js:41:15)\n    at process.processTicksAndRejections (node:internal/process/task_queues:105:5)\n    at async NeonPreparedQuery.execute (file:///C:/Users/SOUHAIL/WebstormProjects/acquisitions/node_modules/drizzle-orm/neon-serverless/session.js:109:20)\n    at async createUser (file:///C:/Users/SOUHAIL/WebstormProjects/acquisitions/src/services/auth.service.js:27:30)\n    at async signup (file:///C:/Users/SOUHAIL/WebstormProjects/acquisitions/src/controllers/auth.controller.js:21:22)"}
{"level":"info","message":"::1 - - [12/Jan/2026:11:04:09 +0000] \"POST /api/auth/sign-up HTTP/1.1\" 500 1088 \"-\" \"HTTPie\"","service":"acquisitions-api"}
{"level":"error","message":"Error creating the user: Error: Failed query: select \"id\", \"name\", \"email\", \"password\", \"role\", \"created_at\", \"updated_at\" from \"users\" where \"users\".\"email\" = $1 limit $2\nparams: souhail@gmail.com,1","service":"acquisitions-api"}
{"cause":{"code":"","name":"NeonDbError","severity":""},"level":"error","message":"Signup error Failed query: select \"id\", \"name\", \"email\", \"password\", \"role\", \"created_at\", \"updated_at\" from \"users\" where \"users\".\"email\" = $1 limit $2\nparams: souhail@gmail.com,1","params":["souhail@gmail.com",1],"query":"select \"id\", \"name\", \"email\", \"password\", \"role\", \"created_at\", \"updated_at\" from \"users\" where \"users\".\"email\" = $1 limit $2","service":"acquisitions-api","stack":"Error: Failed query: select \"id\", \"name\", \"email\", \"password\", \"role\", \"created_at\", \"updated_at\" from \"users\" where \"users\".\"email\" = $1 limit $2\nparams: souhail@gmail.com,1\n    at NeonPreparedQuery.queryWithCache (file:///C:/Users/SOUHAIL/WebstormProjects/acquisitions/node_modules/drizzle-orm/pg-core/session.js:41:15)\n    at process.processTicksAndRejections (node:internal/process/task_queues:105:5)\n    at async NeonPreparedQuery.execute (file:///C:/Users/SOUHAIL/WebstormProjects/acquisitions/node_modules/drizzle-orm/neon-serverless/session.js:109:20)\n    at async createUser (file:///C:/Users/SOUHAIL/WebstormProjects/acquisitions/src/services/auth.service.js:27:30)\n    at async signup (file:///C:/Users/SOUHAIL/WebstormProjects/acquisitions/src/controllers/auth.controller.js:21:22)"}
{"level":"info","message":"::1 - - [12/Jan/2026:11:04:33 +0000] \"POST /api/auth/sign-up HTTP/1.1\" 500 1088 \"-\" \"HTTPie\"","service":"acquisitions-api"}
{"level":"error","message":"Error creating the user: Error: Failed query: select \"id\", \"name\", \"email\", \"password\", \"role\", \"created_at\", \"updated_at\" from \"users\" where \"users\".\"email\" = $1 limit $2\nparams: souhail@gmail.com,1","service":"acquisitions-api"}
{"cause":{"code":"","name":"NeonDbError","severity":""},"level":"error","message":"Signup error Failed query: select \"id\", \"name\", \"email\", \"password\", \"role\", \"created_at\", \"updated_at\" from \"users\" where \"users\".\"email\" = $1 limit $2\nparams: souhail@gmail.com,1","params":["souhail@gmail.com",1],"query":"select \"id\", \"name\", \"email\", \"password\", \"role\", \"created_at\", \"updated_at\" from \"users\" where \"users\".\"email\" = $1 limit $2","service":"acquisitions-api","stack":"Error: Failed query: select \"id\", \"name\", \"email\", \"password\", \"role\", \"created_at\", \"updated_at\" from \"users\" where \"users\".\"email\" = $1 limit $2\nparams: souhail@gmail.com,1\n    at NeonPreparedQuery.queryWithCache (file:///C:/Users/SOUHAIL/WebstormProjects/acquisitions/node_modules/drizzle-orm/pg-core/session.js:41:15)\n    at process.processTicksAndRejections (node:internal/process/task_queues:105:5)\n    at async NeonPreparedQuery.execute (file:///C:/Users/SOUHAIL/WebstormProjects/acquisitions/node_modules/drizzle-orm/neon-serverless/session.js:109:20)\n    at async createUser (file:///C:/Users/SOUHAIL/WebstormProjects/acquisitions/src/services/auth.service.js:27:30)\n    at async signup (file:///C:/Users/SOUHAIL/WebstormProjects/acquisitions/src/controllers/auth.controller.js:21:22)"}
{"level":"info","message":"::1 - - [12/Jan/2026:11:08:44 +0000] \"POST /api/auth/sign-up HTTP/1.1\" 500 1088 \"-\" \"HTTPie\"","service":"acquisitions-api"}
{"level":"error","message":"Error creating the user: Error: Failed query: select \"id\", \"name\", \"email\", \"password\", \"role\", \"created_at\", \"updated_at\" from \"users\" where \"users\".\"email\" = $1 limit $2\nparams: souhail@gmail.com,1","service":"acquisitions-api"}
{"cause":{"code":"","name":"NeonDbError","severity":""},"level":"error","message":"Signup error Failed query: select \"id\", \"name\", \"email\", \"password\", \"role\", \"created_at\", \"updated_at\" from \"users\" where \"users\".\"email\" = $1 limit $2\nparams: souhail@gmail.com,1","params":["souhail@gmail.com",1],"query":"select \"id\", \"name\", \"email\", \"password\", \"role\", \"created_at\", \"updated_at\" from \"users\" where \"users\".\"email\" = $1 limit $2","service":"acquisitions-api","stack":"Error: Failed query: select \"id\", \"name\", \"email\", \"password\", \"role\", \"created_at\", \"updated_at\" from \"users\" where \"users\".\"email\" = $1 limit $2\nparams: souhail@gmail.com,1\n    at NeonPreparedQuery.queryWithCache (file:///C:/Users/SOUHAIL/WebstormProjects/acquisitions/node_modules/drizzle-orm/pg-core/session.js:41:15)\n    at process.processTicksAndRejections (node:internal/process/task_queues:105:5)\n    at async NeonPreparedQuery.execute (file:///C:/Users/SOUHAIL/WebstormProjects/acquisitions/node_modules/drizzle-orm/neon-serverless/session.js:109:20)\n    at async createUser (file:///C:/Users/SOUHAIL/WebstormProjects/acquisitions/src/services/auth.service.js:27:30)\n    at async signup (file:///C:/Users/SOUHAIL/WebstormProjects/acquisitions/src/controllers/auth.controller.js:21:22)"}
{"level":"info","message":"::1 - - [12/Jan/2026:11:19:31 +0000] \"POST /api/auth/sign-up HTTP/1.1\" 500 1088 \"-\" \"HTTPie\"","service":"acquisitions-api"}
{"level":"error","message":"Input validation middleware error Cannot set property query of #<IncomingMessage> which has only a getter","service":"acquisitions-api","stack":"TypeError: Cannot set property query of #<IncomingMessage> which has only a getter\n    at file:///C:/Users/SOUHAIL/WebstormProjects/acquisitions/src/middleware/validation.middleware.js:170:19\n    at Layer.handleRequest (C:\\Users\\SOUHAIL\\WebstormProjects\\acquisitions\\node_modules\\router\\lib\\layer.js:152:17)\n    at trimPrefix (C:\\Users\\SOUHAIL\\WebstormProjects\\acquisitions\\node_modules\\router\\index.js:342:13)\n    at C:\\Users\\SOUHAIL\\WebstormProjects\\acquisitions\\node_modules\\router\\index.js:297:9\n    at processParams (C:\\Users\\SOUHAIL\\WebstormProjects\\acquisitions\\node_modules\\router\\index.js:582:12)\n    at next (C:\\Users\\SOUHAIL\\WebstormProjects\\acquisitions\\node_modules\\router\\index.js:291:5)\n    at file:///C:/Users/SOUHAIL/WebstormProjects/acquisitions/src/middleware/rateLimiter.middleware.js:92:5\n    at Layer.handleRequest (C:\\Users\\SOUHAIL\\WebstormProjects\\acquisitions\\node_modules\\router\\lib\\layer.js:152:17)\n    at trimPrefix (C:\\Users\\SOUHAIL\\WebstormProjects\\acquisitions\\node_modules\\router\\index.js:342:13)\n    at C:\\Users\\SOUHAIL\\WebstormProjects\\acquisitions\\node_modules\\router\\index.js:297:9"}
{"level":"info","message":"::1 - - [12/Jan/2026:19:43:46 +0000] \"POST /api/auth/sign-up HTTP/1.1\" 500 51 \"-\" \"HTTPie\"","service":"acquisitions-api"}
{"level":"error","message":"Input validation middleware error Cannot set property query of #<IncomingMessage> which has only a getter","service":"acquisitions-api","stack":"TypeError: Cannot set property query of #<IncomingMessage> which has only a getter\n    at file:///C:/Users/SOUHAIL/WebstormProjects/acquisitions/src/middleware/validation.middleware.js:170:19\n    at Layer.handleRequest (C:\\Users\\SOUHAIL\\WebstormProjects\\acquisitions\\node_modules\\router\\lib\\layer.js:152:17)\n    at trimPrefix (C:\\Users\\SOUHAIL\\WebstormProjects\\acquisitions\\node_modules\\router\\index.js:342:13)\n    at C:\\Users\\SOUHAIL\\WebstormProjects\\acquisitions\\node_modules\\router\\index.js:297:9\n    at processParams (C:\\Users\\SOUHAIL\\WebstormProjects\\acquisitions\\node_modules\\router\\index.js:582:12)\n    at next (C:\\Users\\SOUHAIL\\WebstormProjects\\acquisitions\\node_modules\\router\\index.js:291:5)\n    at file:///C:/Users/SOUHAIL/WebstormProjects/acquisitions/src/middleware/rateLimiter.middleware.js:92:5\n    at Layer.handleRequest (C:\\Users\\SOUHAIL\\WebstormProjects\\acquisitions\\node_modules\\router\\lib\\layer.js:152:17)\n    at trimPrefix (C:\\Users\\SOUHAIL\\WebstormProjects\\acquisitions\\node_modules\\router\\index.js:342:13)\n    at C:\\Users\\SOUHAIL\\WebstormProjects\\acquisitions\\node_modules\\router\\index.js:297:9"}
{"level":"info","message":"::1 - - [12/Jan/2026:19:49:13 +0000] \"POST /api/auth/sign-up HTTP/1.1\" 500 51 \"-\" \"HTTPie\"","service":"acquisitions-api"}
{"level":"error","message":"Input validation middleware error Cannot set property query of #<IncomingMessage> which has only a getter","service":"acquisitions-api","stack":"TypeError: Cannot set property query of #<IncomingMessage> which has only a getter\n    at file:///C:/Users/SOUHAIL/WebstormProjects/acquisitions/src/middleware/validation.middleware.js:170:19\n    at Layer.handleRequest (C:\\Users\\SOUHAIL\\WebstormProjects\\acquisitions\\node_modules\\router\\lib\\layer.js:152:17)\n    at trimPrefix (C:\\Users\\SOUHAIL\\WebstormProjects\\acquisitions\\node_modules\\router\\index.js:342:13)\n    at C:\\Users\\SOUHAIL\\WebstormProjects\\acquisitions\\node_modules\\router\\index.js:297:9\n    at processParams (C:\\Users\\SOUHAIL\\WebstormProjects\\acquisitions\\node_modules\\router\\index.js:582:12)\n    at next (C:\\Users\\SOUHAIL\\WebstormProjects\\acquisitions\\node_modules\\router\\index.js:291:5)\n    at file:///C:/Users/SOUHAIL/WebstormProjects/acquisitions/src/middleware/rateLimiter.middleware.js:92:5\n    at Layer.handleRequest (C:\\Users\\SOUHAIL\\WebstormProjects\\acquisitions\\node_modules\\router\\lib\\layer.js:152:17)\n    at trimPrefix (C:\\Users\\SOUHAIL\\WebstormProjects\\acquisitions\\node_modules\\router\\index.js:342:13)\n    at C:\\Users\\SOUHAIL\\WebstormProjects\\acquisitions\\node_modules\\router\\index.js:297:9"}
{"level":"info","message":"::1 - - [12/Jan/2026:19:49:16 +0000] \"POST /api/auth/sign-up HTTP/1.1\" 500 51 \"-\" \"HTTPie\"","service":"acquisitions-api"}
{"level":"info","message":"::1 - - [12/Jan/2026:19:51:26 +0000] \"GET /health HTTP/1.1\" 200 73 \"-\" \"Mozilla/5.0 (Windows NT; Windows NT 10.0; fr-FR) WindowsPowerShell/5.1.19041.6456\"","service":"acquisitions-api"}
{"level":"error","message":"Error creating the user: Error: Failed query: select \"id\", \"name\", \"email\", \"password\", \"role\", \"created_at\", \"updated_at\" from \"users\" where \"users\".\"email\" = $1 limit $2\nparams: test@example.com,1","service":"acquisitions-api"}
{"cause":{"name":"NeonDbError","sourceError":{}},"level":"error","message":"Signup error Failed query: select \"id\", \"name\", \"email\", \"password\", \"role\", \"created_at\", \"updated_at\" from \"users\" where \"users\".\"email\" = $1 limit $2\nparams: test@example.com,1","params":["test@example.com",1],"query":"select \"id\", \"name\", \"email\", \"password\", \"role\", \"created_at\", \"updated_at\" from \"users\" where \"users\".\"email\" = $1 limit $2","service":"acquisitions-api","stack":"Error: Failed query: select \"id\", \"name\", \"email\", \"password\", \"role\", \"created_at\", \"updated_at\" from \"users\" where \"users\".\"email\" = $1 limit $2\nparams: test@example.com,1\n    at NeonHttpPreparedQuery.queryWithCache (file:///C:/Users/SOUHAIL/WebstormProjects/acquisitions/node_modules/drizzle-orm/pg-core/session.js:41:15)\n    at process.processTicksAndRejections (node:internal/process/task_queues:105:5)\n    at async NeonHttpPreparedQuery.execute (file:///C:/Users/SOUHAIL/WebstormProjects/acquisitions/node_modules/drizzle-orm/neon-http/session.js:45:20)\n    at async createUser (file:///C:/Users/SOUHAIL/WebstormProjects/acquisitions/src/services/auth.service.js:27:30)\n    at async signup (file:///C:/Users/SOUHAIL/WebstormProjects/acquisitions/src/controllers/auth.controller.js:21:22)"}
{"level":"info","message":"::1 - - [12/Jan/2026:19:51:37 +0000] \"POST /api/auth/sign-up HTTP/1.1\" 500 1088 \"-\" \"Mozilla/5.0 (Windows NT; Windows NT 10.0; fr-FR) WindowsPowerShell/5.1.19041.6456\"","service":"acquisitions-api"}
{"level":"info","message":"::1 - - [12/Jan/2026:19:51:49 +0000] \"GET /api HTTP/1.1\" 200 42 \"-\" \"Mozilla/5.0 (Windows NT; Windows NT 10.0; fr-FR) WindowsPowerShell/5.1.19041.6456\"","service":"acquisitions-api"}
{"level":"warn","message":"Rate limit exceeded for ::1. Blocking for 1800000ms","service":"acquisitions-api"}
{"level":"info","message":"::1 - - [12/Jan/2026:19:52:07 +0000] \"POST /api/auth/sign-up HTTP/1.1\" 429 87 \"-\" \"Mozilla/5.0 (Windows NT; Windows NT 10.0; fr-FR) WindowsPowerShell/5.1.19041.6456\"","service":"acquisitions-api"}
{"level":"warn","message":"Blocked request from ::1 - still in cooldown period","service":"acquisitions-api"}
{"level":"info","message":"::1 - - [12/Jan/2026:19:52:21 +0000] \"GET / HTTP/1.1\" 429 77 \"-\" \"Mozilla/5.0 (Windows NT; Windows NT 10.0; fr-FR) WindowsPowerShell/5.1.19041.6456\"","service":"acquisitions-api"}
{"level":"warn","message":"Blocked request from ::1 - still in cooldown period","service":"acquisitions-api"}
{"level":"info","message":"::1 - - [12/Jan/2026:19:53:38 +0000] \"POST /api/auth/sign-up HTTP/1.1\" 429 77 \"-\" \"HTTPie\"","service":"acquisitions-api"}
{"level":"warn","message":"Blocked request from ::1 - still in cooldown period","service":"acquisitions-api"}
{"level":"info","message":"::1 - - [12/Jan/2026:19:53:43 +0000] \"POST /api/auth/sign-up HTTP/1.1\" 429 77 \"-\" \"HTTPie\"","service":"acquisitions-api"}
{"level":"info","message":"Environment variables validated successfully","service":"acquisitions-api"}
{"level":"info","message":"Environment variables validated successfully","service":"acquisitions-api"}
{"level":"info","message":"Environment variables validated successfully","service":"acquisitions-api"}
{"level":"info","message":"Environment variables validated successfully","service":"acquisitions-api"}
{"level":"info","message":"Environment variables validated successfully","service":"acquisitions-api"}
{"level":"info","message":"Environment variables validated successfully","service":"acquisitions-api"}
{"level":"info","message":"Environment variables validated successfully","service":"acquisitions-api"}
{"level":"info","message":"Hello from Acquisitions!","service":"acquisitions-api"}
{"level":"info","message":"::1 - - [12/Jan/2026:20:22:06 +0000] \"GET / HTTP/1.1\" 200 24 \"-\" \"HTTPie\"","service":"acquisitions-api"}
{"level":"info","message":"::1 - - [12/Jan/2026:20:22:20 +0000] \"GET /api/auth/sign-up HTTP/1.1\" 404 27 \"-\" \"HTTPie\"","service":"acquisitions-api"}
{"level":"info","message":"::1 - - [12/Jan/2026:20:22:22 +0000] \"GET /api/auth/sign-up HTTP/1.1\" 404 27 \"-\" \"HTTPie\"","service":"acquisitions-api"}
{"level":"info","message":"::1 - - [12/Jan/2026:20:22:22 +0000] \"GET /api/auth/sign-up HTTP/1.1\" 404 27 \"-\" \"HTTPie\"","service":"acquisitions-api"}
{"level":"info","message":"::1 - - [12/Jan/2026:20:22:22 +0000] \"GET /api/auth/sign-up HTTP/1.1\" 404 27 \"-\" \"HTTPie\"","service":"acquisitions-api"}
{"level":"info","message":"::1 - - [12/Jan/2026:20:22:22 +0000] \"GET /api/auth/sign-up HTTP/1.1\" 404 27 \"-\" \"HTTPie\"","service":"acquisitions-api"}
{"level":"info","message":"Environment variables validated successfully","service":"acquisitions-api"}
{"level":"info","message":"Environment variables validated successfully","service":"acquisitions-api"}
{"level":"info","message":"Environment variables validated successfully","service":"acquisitions-api"}
{"level":"info","message":"Environment variables validated successfully","service":"acquisitions-api"}
{"level":"info","message":"Environment variables validated successfully","service":"acquisitions-api"}
{"level":"info","message":"Environment variables validated successfully","service":"acquisitions-api"}
{"level":"info","message":"Environment variables validated successfully","service":"acquisitions-api","timestamp":"2026-01-12T20:34:36.256Z"}
{"level":"info","message":"Environment variables validated successfully","service":"acquisitions-api","timestamp":"2026-01-12T20:36:01.450Z"}
{"level":"info","message":"Environment variables validated successfully","service":"acquisitions-api","timestamp":"2026-01-12T20:36:40.844Z"}
{"level":"info","message":"Environment variables validated successfully","service":"acquisitions-api","timestamp":"2026-01-12T20:37:25.487Z"}
{"level":"info","message":"Environment variables validated successfully","service":"acquisitions-api","timestamp":"2026-01-12T20:39:47.347Z"}
{"level":"info","message":"Checking if user exists: souhail@gmail.com","service":"acquisitions-api","timestamp":"2026-01-12T20:39:58.774Z"}
{"level":"info","message":"Creating user: souhail@gmail.com","service":"acquisitions-api","timestamp":"2026-01-12T20:39:59.764Z"}
{"level":"info","message":"User souhail@gmail.com created successfully","service":"acquisitions-api","timestamp":"2026-01-12T20:39:59.838Z"}
{"level":"info","message":"User registered successfully: souhail@gmail.com","service":"acquisitions-api","timestamp":"2026-01-12T20:39:59.848Z"}
{"level":"info","message":"::1 - - [12/Jan/2026:20:39:59 +0000] \"POST /api/auth/sign-up HTTP/1.1\" 201 104 \"-\" \"HTTPie\"","service":"acquisitions-api","timestamp":"2026-01-12T20:39:59.860Z"}
{"level":"info","message":"Checking if user exists: souhail@gmail.com","service":"acquisitions-api","timestamp":"2026-01-12T20:40:07.401Z"}
{"level":"error","message":"Error creating the user: Error: User with this email already exists","service":"acquisitions-api","timestamp":"2026-01-12T20:40:07.564Z"}
{"level":"error","message":"Signup error User with this email already exists","service":"acquisitions-api","stack":"Error: User with this email already exists\n    at createUser (file:///C:/Users/SOUHAIL/WebstormProjects/acquisitions/acquisitions-1/src/services/auth.service.js:30:19)\n    at process.processTicksAndRejections (node:internal/process/task_queues:105:5)\n    at async signup (file:///C:/Users/SOUHAIL/WebstormProjects/acquisitions/acquisitions-1/src/controllers/auth.controller.js:21:22)","timestamp":"2026-01-12T20:40:07.566Z"}
{"level":"info","message":"::1 - - [12/Jan/2026:20:40:07 +0000] \"POST /api/auth/sign-up HTTP/1.1\" 409 31 \"-\" \"HTTPie\"","service":"acquisitions-api","timestamp":"2026-01-12T20:40:07.568Z"}
{"level":"info","message":"Checking if user exists: souhail@gmail.com","service":"acquisitions-api","timestamp":"2026-01-12T20:40:10.312Z"}
{"level":"error","message":"Error creating the user: Error: User with this email already exists","service":"acquisitions-api","timestamp":"2026-01-12T20:40:10.361Z"}
{"level":"error","message":"Signup error User with this email already exists","service":"acquisitions-api","stack":"Error: User with this email already exists\n    at createUser (file:///C:/Users/SOUHAIL/WebstormProjects/acquisitions/acquisitions-1/src/services/auth.service.js:30:19)\n    at process.processTicksAndRejections (node:internal/process/task_queues:105:5)\n    at async signup (file:///C:/Users/SOUHAIL/WebstormProjects/acquisitions/acquisitions-1/src/controllers/auth.controller.js:21:22)","timestamp":"2026-01-12T20:40:10.362Z"}
{"level":"info","message":"::1 - - [12/Jan/2026:20:40:10 +0000] \"POST /api/auth/sign-up HTTP/1.1\" 409 31 \"-\" \"HTTPie\"","service":"acquisitions-api","timestamp":"2026-01-12T20:40:10.363Z"}
{"level":"info","message":"Checking if user exists: souhail@gmail.com","service":"acquisitions-api","timestamp":"2026-01-12T20:40:16.209Z"}
{"level":"error","message":"Error creating the user: Error: User with this email already exists","service":"acquisitions-api","timestamp":"2026-01-12T20:40:16.357Z"}
{"level":"error","message":"Signup error User with this email already exists","service":"acquisitions-api","stack":"Error: User with this email already exists\n    at createUser (file:///C:/Users/SOUHAIL/WebstormProjects/acquisitions/acquisitions-1/src/services/auth.service.js:30:19)\n    at process.processTicksAndRejections (node:internal/process/task_queues:105:5)\n    at async signup (file:///C:/Users/SOUHAIL/WebstormProjects/acquisitions/acquisitions-1/src/controllers/auth.controller.js:21:22)","timestamp":"2026-01-12T20:40:16.358Z"}
{"level":"info","message":"::1 - - [12/Jan/2026:20:40:16 +0000] \"POST /api/auth/sign-up HTTP/1.1\" 409 31 \"-\" \"HTTPie\"","service":"acquisitions-api","timestamp":"2026-01-12T20:40:16.359Z"}
{"level":"info","message":"Checking if user exists: souhail@gmail.com","service":"acquisitions-api","timestamp":"2026-01-12T20:40:17.587Z"}
{"level":"error","message":"Error creating the user: Error: User with this email already exists","service":"acquisitions-api","timestamp":"2026-01-12T20:40:17.638Z"}
{"level":"error","message":"Signup error User with this email already exists","service":"acquisitions-api","stack":"Error: User with this email already exists\n    at createUser (file:///C:/Users/SOUHAIL/WebstormProjects/acquisitions/acquisitions-1/src/services/auth.service.js:30:19)\n    at process.processTicksAndRejections (node:internal/process/task_queues:105:5)\n    at async signup (file:///C:/Users/SOUHAIL/WebstormProjects/acquisitions/acquisitions-1/src/controllers/auth.controller.js:21:22)","timestamp":"2026-01-12T20:40:17.639Z"}
{"level":"info","message":"::1 - - [12/Jan/2026:20:40:17 +0000] \"POST /api/auth/sign-up HTTP/1.1\" 409 31 \"-\" \"HTTPie\"","service":"acquisitions-api","timestamp":"2026-01-12T20:40:17.640Z"}
{"level":"warn","message":"Rate limit exceeded for ::1. Blocking for 1800000ms","service":"acquisitions-api","timestamp":"2026-01-12T20:40:17.758Z"}
{"level":"info","message":"::1 - - [12/Jan/2026:20:40:17 +0000] \"POST /api/auth/sign-up HTTP/1.1\" 429 87 \"-\" \"HTTPie\"","service":"acquisitions-api","timestamp":"2026-01-12T20:40:17.760Z"}
{"level":"warn","message":"Blocked request from ::1 - still in cooldown period","service":"acquisitions-api","timestamp":"2026-01-12T20:40:18.376Z"}
{"level":"info","message":"::1 - - [12/Jan/2026:20:40:18 +0000] \"POST /api/auth/sign-up HTTP/1.1\" 429 77 \"-\" \"HTTPie\"","service":"acquisitions-api","timestamp":"2026-01-12T20:40:18.377Z"}
{"level":"warn","message":"Blocked request from ::1 - still in cooldown period","service":"acquisitions-api","timestamp":"2026-01-12T20:40:33.012Z"}
{"level":"info","message":"::1 - - [12/Jan/2026:20:40:33 +0000] \"POST /api/auth/sign-in HTTP/1.1\" 429 77 \"-\" \"HTTPie\"","service":"acquisitions-api","timestamp":"2026-01-12T20:40:33.023Z"}
{"level":"warn","message":"Blocked request from ::1 - still in cooldown period","service":"acquisitions-api","timestamp":"2026-01-12T20:40:34.223Z"}
{"level":"info","message":"::1 - - [12/Jan/2026:20:40:34 +0000] \"POST /api/auth/sign-in HTTP/1.1\" 429 77 \"-\" \"HTTPie\"","service":"acquisitions-api","timestamp":"2026-01-12T20:40:34.227Z"}
{"level":"info","message":"Environment variables validated successfully","service":"acquisitions-api","timestamp":"2026-01-12T20:41:14.859Z"}
{"level":"info","message":"Environment variables validated successfully","service":"acquisitions-api","timestamp":"2026-01-12T20:42:17.369Z"}
{"level":"info","message":"User souhail@gmail.com authenticated successfully","service":"acquisitions-api","timestamp":"2026-01-12T20:43:14.024Z"}
{"level":"info","message":"User signed in successfully: souhail@gmail.com","service":"acquisitions-api","timestamp":"2026-01-12T20:43:14.033Z"}
{"level":"info","message":"::1 - - [12/Jan/2026:20:43:14 +0000] \"POST /api/auth/sign-in HTTP/1.1\" 200 116 \"-\" \"HTTPie\"","service":"acquisitions-api","timestamp":"2026-01-12T20:43:14.042Z"}
{"level":"info","message":"Environment variables validated successfully","service":"acquisitions-api","timestamp":"2026-01-12T23:26:15.953Z"}
{"level":"info","message":"Environment variables validated successfully","service":"acquisitions-api","timestamp":"2026-01-12T23:26:16.860Z"}
{"level":"info","message":"Environment variables validated successfully","service":"acquisitions-api","timestamp":"2026-01-12T23:26:18.231Z"}
{"level":"info","message":"Environment variables validated successfully","service":"acquisitions-api","timestamp":"2026-01-12T23:26:20.465Z"}
{"level":"info","message":"Checking if user exists: souhail@gmail.com","service":"acquisitions-api","timestamp":"2026-01-12T23:26:31.815Z"}
{"level":"info","message":"Environment variables validated successfully","service":"acquisitions-api","timestamp":"2026-01-12T23:26:32.346Z"}
{"level":"info","message":"User souhail@gmail.com authenticated successfully","service":"acquisitions-api","timestamp":"2026-01-12T23:26:39.290Z"}
{"level":"info","message":"User signed in successfully: souhail@gmail.com","service":"acquisitions-api","timestamp":"2026-01-12T23:26:39.301Z"}
{"level":"info","message":"::1 - - [12/Jan/2026:23:26:39 +0000] \"POST /api/auth/sign-in HTTP/1.1\" 200 116 \"-\" \"HTTPie\"","service":"acquisitions-api","timestamp":"2026-01-12T23:26:39.309Z"}
{"level":"info","message":"Checking if user exists: hatim@gmail.com","service":"acquisitions-api","timestamp":"2026-01-12T23:26:57.591Z"}
{"level":"info","message":"Creating user: hatim@gmail.com","service":"acquisitions-api","timestamp":"2026-01-12T23:26:57.921Z"}
{"level":"info","message":"User hatim@gmail.com created successfully","service":"acquisitions-api","timestamp":"2026-01-12T23:26:58.014Z"}
{"level":"info","message":"User registered successfully: hatim@gmail.com","service":"acquisitions-api","timestamp":"2026-01-12T23:26:58.016Z"}
{"level":"info","message":"::1 - - [12/Jan/2026:23:26:58 +0000] \"POST /api/auth/sign-up HTTP/1.1\" 201 100 \"-\" \"HTTPie\"","service":"acquisitions-api","timestamp":"2026-01-12T23:26:58.019Z"}
{"level":"info","message":"User hatim@gmail.com authenticated successfully","service":"acquisitions-api","timestamp":"2026-01-12T23:27:01.368Z"}
{"level":"info","message":"User signed in successfully: hatim@gmail.com","service":"acquisitions-api","timestamp":"2026-01-12T23:27:01.370Z"}
{"level":"info","message":"::1 - - [12/Jan/2026:23:27:01 +0000] \"POST /api/auth/sign-in HTTP/1.1\" 200 112 \"-\" \"HTTPie\"","service":"acquisitions-api","timestamp":"2026-01-12T23:27:01.372Z"}
{"level":"info","message":"User signed out successfully","service":"acquisitions-api","timestamp":"2026-01-12T23:27:05.735Z"}
{"level":"info","message":"::1 - - [12/Jan/2026:23:27:05 +0000] \"POST /api/auth/sign-out HTTP/1.1\" 200 42 \"-\" \"HTTPie\"","service":"acquisitions-api","timestamp":"2026-01-12T23:27:05.737Z"}
{"level":"info","message":"Environment variables validated successfully","service":"acquisitions-api","timestamp":"2026-01-13T00:46:59.469Z"}
{"level":"info","message":"Environment variables validated successfully","service":"acquisitions-api","timestamp":"2026-01-13T00:47:00.199Z"}
{"level":"info","message":"Environment variables validated successfully","service":"acquisitions-api","timestamp":"2026-01-13T00:47:02.312Z"}
